#-----------------------------------------------------------
# Vivado v2018.2 (64-bit)
# SW Build 2258646 on Thu Jun 14 20:03:12 MDT 2018
# IP Build 2256618 on Thu Jun 14 22:10:49 MDT 2018
# Start of session at: Tue Jun  4 09:20:27 2019
# Process ID: 4128
# Current directory: D:/github/Embedded-System-Design-Flow-on-Zynq/labsolutions/embedded/2018_2_pynq_z1_labsolution/lab3
# Command line: vivado.exe -gui_launcher_event rodinguilauncherevent3268 D:\github\Embedded-System-Design-Flow-on-Zynq\labsolutions\embedded\2018_2_pynq_z1_labsolution\lab3\lab3.xpr
# Log file: D:/github/Embedded-System-Design-Flow-on-Zynq/labsolutions/embedded/2018_2_pynq_z1_labsolution/lab3/vivado.log
# Journal file: D:/github/Embedded-System-Design-Flow-on-Zynq/labsolutions/embedded/2018_2_pynq_z1_labsolution/lab3\vivado.jou
#-----------------------------------------------------------
start_gui
open_project D:/github/Embedded-System-Design-Flow-on-Zynq/labsolutions/embedded/2018_2_pynq_z1_labsolution/lab3/lab3.xpr
update_compile_order -fileset sources_1
save_project_as lab4 D:/github/Embedded-System-Design-Flow-on-Zynq/labsolutions/embedded/2018_2_pynq_z1_labsolution/lab4 -force
file copy -force D:/github/Embedded-System-Design-Flow-on-Zynq/labsolutions/embedded/2018_2_pynq_z1_labsolution/lab4/lab4.runs/impl_1/system_wrapper.sysdef D:/github/Embedded-System-Design-Flow-on-Zynq/labsolutions/embedded/2018_2_pynq_z1_labsolution/lab4/lab4.sdk/system_wrapper.hdf

launch_sdk -workspace D:/github/Embedded-System-Design-Flow-on-Zynq/labsolutions/embedded/2018_2_pynq_z1_labsolution/lab4/lab4.sdk -hwspec D:/github/Embedded-System-Design-Flow-on-Zynq/labsolutions/embedded/2018_2_pynq_z1_labsolution/lab4/lab4.sdk/system_wrapper.hdf
